---
source: crates/cli/tests/summarize_snapshot.rs
expression: output
---
(root) (100.0%, 223)
  java (100.0%, 223)
    start_thread (99.6%, 222)
      java_start (99.6%, 222)
        JavaThread::run (93.3%, 208)
          JavaThread::thread_main_inner (93.3%, 208)
            thread_entry (93.3%, 208)
              JavaCalls::call_virtual (93.3%, 208)
                JavaCalls::call_virtual (93.3%, 208)
                  JavaCalls::call_helper (93.3%, 208)
                    call_stub_[j] (93.3%, 208)
                      Interpreter_[j] (93.3%, 208)
                        Interpreter_[j] (93.3%, 208)
                          io/netty/channel/nio/NioEventLoop:.run_[j] (93.3%, 208)
                            io/netty/channel/nio/NioEventLoop:.processSelectedKeys_[j] (92.8%, 207)
                              io/netty/channel/nio/NioEventLoop:.processSelectedKeysOptimized_[j] (92.8%, 207)
                                io/netty/channel/nio/NioEventLoop:.processSelectedKey_[j] (92.4%, 206)
                                  io/netty/channel/nio/AbstractNioByteChannel$NioByteUnsafe:.read_[j] (92.4%, 206)
                                    io/netty/channel/AbstractChannelHandlerContext:.fireChannelRead_[j] (47.5%, 106)
                                      io/netty/handler/codec/ByteToMessageDecoder:.channelRead_[j] (47.5%, 106)
                                        io/netty/channel/AbstractChannelHandlerContext:.fireChannelRead_[j] (46.6%, 104)
                                          org/vertx/java/core/net/impl/VertxHandler:.channelRead_[j] (46.6%, 104)
                                            org/vertx/java/core/http/impl/DefaultHttpServer$ServerHandler:.doMessageReceived_[j] (44.8%, 100)
                                              org/mozilla/javascript/gen/file__home_bgregg_testtest_vert_x_2_1_4_sys_mods_io_vertx_lang_js_1_1_0_[j] (41.7%, 93)
                                                org/mozilla/javascript/gen/file__home_bgregg_testtest_vert_x_2_1_4_sys_mods_io_vertx_lang_js_1_1_0_[j] (41.3%, 92)
                                                  org/mozilla/javascript/gen/file__home_bgregg_testtest_vert_x_2_1_4_sys_mods_io_vertx_lang_js_1_1_0_[j] (36.8%, 82)
                                                    org/mozilla/javascript/gen/file__home_bgregg_testtest_vert_x_2_1_4_sys_mods_io_vertx_lang_js_1_1_0_[j] (36.3%, 81)
                                                      org/mozilla/javascript/ScriptRuntime:.newObject_[j] (14.3%, 32)
                                                        org/mozilla/javascript/gen/file__home_bgregg_testtest_vert_x_2_1_4_sys_mods_io_vertx_lang_js_1_1_0_[j] (14.3%, 32)
                                                          org/mozilla/javascript/gen/file__home_bgregg_testtest_vert_x_2_1_4_sys_mods_io_vertx_lang_js_1_1_0_[j] (14.3%, 32)
                                                            org/mozilla/javascript/optimizer/OptRuntime:.call2_[j] (5.8%, 13)
