---
source: crates/cli/tests/summarize_snapshot.rs
expression: output
---
(root) (100.0%, 34)
  java (79.4%, 27)
    start_thread (79.4%, 27)
      java_start (79.4%, 27)
        JavaThread::run (79.4%, 27)
          JavaThread::thread_main_inner (79.4%, 27)
            thread_entry (79.4%, 27)
              JavaCalls::call_virtual (79.4%, 27)
                JavaCalls::call_virtual (79.4%, 27)
                  JavaCalls::call_helper (79.4%, 27)
                    call_stub_[j] (79.4%, 27)
                      Interpreter_[j] (79.4%, 27)
                        Interpreter_[j] (79.4%, 27)
                          io/netty/channel/nio/NioEventLoop:.run_[j] (79.4%, 27)
                            io/netty/channel/nio/NioEventLoop:.processSelectedKeysOptimized_[j] (79.4%, 27)
                              io/netty/channel/nio/NioEventLoop:.processSelectedKey_[j] (79.4%, 27)
                                io/netty/channel/nio/AbstractNioByteChannel$NioByteUnsafe:.read_[j] (79.4%, 27)
                                  io/netty/channel/DefaultChannelHandlerContext:.fireChannelRead_[j] (64.7%, 22)
                                    io/netty/handler/codec/ByteToMessageDecoder:.channelRead_[j] (64.7%, 22)
                                      io/netty/channel/DefaultChannelHandlerContext:.fireChannelRead_[j] (64.7%, 22)
                                        org/vertx/java/core/net/impl/VertxHandler:.channelRead_[j] (61.8%, 21)
                                          org/vertx/java/core/http/impl/VertxHttpHandler:.channelRead_[j] (61.8%, 21)
                                            org/vertx/java/core/http/impl/DefaultHttpServer$ServerHandler:.doMessageReceived_[j] (61.8%, 21)
                                              org/vertx/java/core/http/impl/ServerConnection:.handleMessage_[j] (61.8%, 21)
                                                org/mozilla/javascript/gen/file__home_bgregg_vert_x_2_1_sys_mods_io_vertx_lang_js_1_1_0_vertx_http_js_93:.call_[j] (20.6%, 7)
                                                  org/mozilla/javascript/gen/file__home_bgregg_vert_x_2_1_sys_mods_io_vertx_lang_js_1_1_0_vertx_http_js_93:.call_[j] (20.6%, 7)
                                                    org/mozilla/javascript/BaseFunction:.construct_[j] (17.6%, 6)
                                                      org/mozilla/javascript/gen/file__home_bgregg_vert_x_2_1_sys_mods_io_vertx_lang_js_1_1_0_vertx_http_js_93:.call_[j] (17.6%, 6)
                                                        org/mozilla/javascript/gen/file__home_bgregg_vert_x_2_1_sys_mods_io_vertx_lang_js_1_1_0_vertx_http_js_93:._c_anonymous_3_[j] (17.6%, 6)
                                                          org/mozilla/javascript/gen/file__home_bgregg_vert_x_2_1_sys_mods_io_vertx_lang_js_1_1_0_vertx_http_js_93:.<init>_[j] (11.8%, 4)
                                                            org/mozilla/javascript/NativeFunction:.initScriptFunction_[j] (11.8%, 4)
                                                              org/mozilla/javascript/TopLevel:.getBuiltinPrototype_[j] (11.8%, 4)
                                                                call_function_single_interrupt_[k] (11.8%, 4)
                                                                  smp_call_function_single_interrupt_[k] (11.8%, 4)
                                                                    generic_smp_call_function_single_interrupt_[k] (11.8%, 4)
                                                                      remote_function_[k] (11.8%, 4)
                                                                        __perf_event_enable_[k] (11.8%, 4)
                                                                          group_sched_in_[k] (11.8%, 4)
                                                                            x86_pmu_commit_txn_[k] (11.8%, 4)
                                                                              perf_pmu_enable_[k] (11.8%, 4)
                                                                                x86_pmu_enable_[k] (11.8%, 4)
                                                                                  intel_pmu_enable_all_[k] (11.8%, 4)
                                                                                    native_write_msr_safe_[k] (11.8%, 4)
                                                          org/mozilla/javascript/ScriptRuntime:.setObjectProp_[j] (2.9%, 1)
                                                            org/mozilla/javascript/IdScriptableObject:.has_[j] (2.9%, 1)
                                                              org/mozilla/javascript/ScriptableObject:.getSlot_[j] (2.9%, 1)
                                                          org/mozilla/javascript/BaseFunction:.construct_[j] (2.9%, 1)
                                                            org/mozilla/javascript/gen/file__home_bgregg_vert_x_2_1_sys_mods_io_vertx_lang_js_1_1_0_vertx_http_js_93:.call_[j] (2.9%, 1)
                                                              org/mozilla/javascript/gen/file__home_bgregg_vert_x_2_1_sys_mods_io_vertx_lang_js_1_1_0_vertx_http_js_93:._c_anonymous_21_[j] (2.9%, 1)
                                                                org/mozilla/javascript/gen/file__home_bgregg_vert_x_2_1_sys_mods_io_vertx_lang_js_1_1_0_vertx_http_js_93:.getParamAndVarCount_[j] (2.9%, 1)
                                                org/mozilla/javascript/gen/file__home_bgregg_vert_x_2_1_sys_mods_io_vertx_lang_js_1_1_0_vertx_http_js_91:.call_[j] (11.8%, 4)
